// Jest Snapshot v1, https://goo.gl/fbAQLP

exports[`CommandList Component 1`] = `
.c1 {
  padding: 10px;
  border-bottom: 1px solid #ccc;
}

.c1:last-of-type {
  border-bottom: none;
}

.c2 {
  padding: 10px;
  border-bottom: 1px solid #ccc;
  background: lightgreen;
}

.c2:last-of-type {
  border-bottom: none;
}

.c0 {
  margin: 0;
  padding: 0;
  list-style: none;
}

<ul
  className="c0"
>
  <li
    className="c1"
  >
    PLACE
    <span>
       - 
      0, 0, NORTH
    </span>
  </li>
  <li
    className="c1"
  >
    MOVE
  </li>
  <li
    className="c2"
  >
    RIGHT
  </li>
  <li
    className="c1"
  >
    REPORT
  </li>
</ul>
`;
